Traceback (most recent call last):
  File "/opt/conda/lib/python3.11/site-packages/traitlets/traitlets.py", line 632, in get
    value = obj._trait_values[self.name]
            ~~~~~~~~~~~~~~~~~^^^^^^^^^^^
KeyError: 'template_paths'

During handling of the above exception, another exception occurred:

Traceback (most recent call last):
  File "<frozen runpy>", line 198, in _run_module_as_main
  File "<frozen runpy>", line 88, in _run_code
  File "/opt/conda/lib/python3.11/site-packages/nbconvert/__main__.py", line 5, in <module>
    main()
  File "/opt/conda/lib/python3.11/site-packages/jupyter_core/application.py", line 283, in launch_instance
    super().launch_instance(argv=argv, **kwargs)
  File "/opt/conda/lib/python3.11/site-packages/traitlets/config/application.py", line 1075, in launch_instance
    app.start()
  File "/opt/conda/lib/python3.11/site-packages/nbconvert/nbconvertapp.py", line 420, in start
    self.convert_notebooks()
  File "/opt/conda/lib/python3.11/site-packages/nbconvert/nbconvertapp.py", line 585, in convert_notebooks
    cls = get_exporter(self.export_format)
          ^^^^^^^^^^^^^^^^^^^^^^^^^^^^^^^^
  File "/opt/conda/lib/python3.11/site-packages/nbconvert/exporters/base.py", line 107, in get_exporter
    if getattr(exporter(config=config), "enabled", True):
               ^^^^^^^^^^^^^^^^^^^^^^^
  File "/opt/conda/lib/python3.11/site-packages/nbconvert/exporters/templateexporter.py", line 354, in __init__
    super().__init__(config=config, **kw)
  File "/opt/conda/lib/python3.11/site-packages/nbconvert/exporters/exporter.py", line 123, in __init__
    self._init_preprocessors()
  File "/opt/conda/lib/python3.11/site-packages/nbconvert/exporters/templateexporter.py", line 540, in _init_preprocessors
    conf = self._get_conf()
           ^^^^^^^^^^^^^^^^
  File "/opt/conda/lib/python3.11/site-packages/nbconvert/exporters/templateexporter.py", line 558, in _get_conf
    for path in map(Path, self.template_paths):
                          ^^^^^^^^^^^^^^^^^^^
  File "/opt/conda/lib/python3.11/site-packages/traitlets/traitlets.py", line 687, in __get__
    return t.cast(G, self.get(obj, cls))  # the G should encode the Optional
                     ^^^^^^^^^^^^^^^^^^
  File "/opt/conda/lib/python3.11/site-packages/traitlets/traitlets.py", line 635, in get
    default = obj.trait_defaults(self.name)
              ^^^^^^^^^^^^^^^^^^^^^^^^^^^^^
  File "/opt/conda/lib/python3.11/site-packages/traitlets/traitlets.py", line 1897, in trait_defaults
    return t.cast(Sentinel, self._get_trait_default_generator(names[0])(self))
                            ^^^^^^^^^^^^^^^^^^^^^^^^^^^^^^^^^^^^^^^^^^^^^^^^^
  File "/opt/conda/lib/python3.11/site-packages/traitlets/traitlets.py", line 1241, in __call__
    return self.func(*args, **kwargs)
           ^^^^^^^^^^^^^^^^^^^^^^^^^^
  File "/opt/conda/lib/python3.11/site-packages/nbconvert/exporters/templateexporter.py", line 569, in _template_paths
    template_names = self.get_template_names()
                     ^^^^^^^^^^^^^^^^^^^^^^^^^
  File "/opt/conda/lib/python3.11/site-packages/nbconvert/exporters/templateexporter.py", line 663, in get_template_names
    raise ValueError(msg)
ValueError: No template sub-directory with name 'lab' found in the following paths:
	/home/jovyan/datavol-1/venv/share/jupyter
	/home/jovyan/.local/share/jupyter
	/usr/local/share/jupyter
	/usr/share/jupyter
Executing inserted cell 31 ...
Endpoint change      : 1.9704 -> 1.4354 = -27.15%
Window means (w=4)   : 1.8579 -> 1.2532 = -32.55%  (= 'loss_drop_percent' above)
Held-out loss        : before 1.9527 | minimum 1.8897 at step 20 | final 1.9089 (+1.01% vs minimum)

Executing inserted cell 50 ...
Adapter B loaded on: GPU, 4-bit NF4 base (as in training)

Strict-check totals (out of 3): {'base': 0, 'CPT': 0, 'adapter raw': 0, 'adapter chat': 0}

Executing inserted cell 52 ...
MyGov probe question: keyword check 1/3 -> manual 0/3
general question: keyword check 2/3 -> manual 1/3

Updated 7 inference cells and executed 3 new cells in CorpPolicyLM_Assignment1A.ipynb
Traceback (most recent call last):
  File "/home/jovyan/datavol-1/CorpPolicyLM/tools/finalize_notebook.py", line 292, in <module>
    main()
  File "/home/jovyan/datavol-1/CorpPolicyLM/tools/finalize_notebook.py", line 285, in main
    subprocess.run([sys.executable, "-m", "nbconvert", "--to", "html", str(NB),
  File "/opt/conda/lib/python3.11/subprocess.py", line 571, in run
    raise CalledProcessError(retcode, process.args,
subprocess.CalledProcessError: Command '['/home/jovyan/datavol-1/venv/bin/python', '-m', 'nbconvert', '--to', 'html', '/home/jovyan/datavol-1/CorpPolicyLM/notebooks/CorpPolicyLM_Assignment1A.ipynb', '--output-dir', '/home/jovyan/datavol-1/CorpPolicyLM/notebooks']' returned non-zero exit status 1.
